released #249 (left claimed by pid 132130)
=== [1/50] #231 — Shape the Admin area: Configuration, Approval Flows, Mismatch Flows, Users, Companies
    cleaned up session pid 149152 (pgid ?); free: 1869 MB
--- #231: resolved in 954s
=== [2/50] #232 — Shape mobile approval against the tour's app screens (home cards, Ready-to-Approve cards, Approval Context, timeline)
    cleaned up session pid 168884 (pgid ?); free: 1858 MB
--- #232: resolved in 431s
=== [3/50] #233 — Decide one status vocabulary for the Detail pane (row pill · pane pill · stepper · Approval tab)
    cleaned up session pid 177551 (pgid ?); free: 1870 MB
--- #233: resolved in 377s
=== [4/50] #234 — Decide the Detail pane's header stack (pane header + embedded document header + stepper) and where Delete lives
    cleaned up session pid 185172 (pgid ?); free: 1767 MB
--- #234: resolved in 421s
=== [5/50] #235 — Decide the queue's below-md rendering: horizontal scroller (#187/#224) or a two-line card row + Filters (n) button
    cleaned up session pid 193881 (pgid ?); free: 1760 MB
--- #235: resolved in 293s
=== [6/50] #240 — Decide keyboard accelerators across the operator app: jumping between queues and rows
    cleaned up session pid 199977 (pgid ?); free: 6000 MB
--- #240: resolved in 474s
=== [7/50] #241 — Decide where first-run help lives now that the workspace home is the Invoices queue
    cleaned up session pid 209579 (pgid ?); free: 5991 MB
--- #241: resolved in 363s
=== [8/50] #242 — Decide the flagged Dashboard's fate at 20/40: retire it now, or bring it to the bar — and whether its ranked next-best-action moves to the Invoices home
    cleaned up session pid 216636 (pgid ?); free: 5985 MB
--- #242: resolved in 359s
=== [9/50] #243 — Decide where intake lives on the distilled app: upload from the queue, the inbound address, phone upload
    cleaned up session pid 223520 (pgid ?); free: 5968 MB
--- #243: resolved in 327s
=== [10/50] #244 — Decide the way back: one Origin-context restore for Exceptions, Archive, Finance failed rows and the standalone document page
    cleaned up session pid 229944 (pgid ?); free: 5965 MB
--- #244: resolved in 352s
=== [11/50] #245 — Decide Archive's fate: cross-type lookup on the queue shell, or each queue's Closed facet
    cleaned up session pid 236763 (pgid ?); free: 5943 MB
--- #245: resolved in 386s
=== [12/50] #246 — Decide how the Approver learns there is work: channel and cadence
    cleaned up session pid 244200 (pgid ?); free: 5940 MB
--- #246: resolved in 404s
=== [13/50] #247 — Decide the expense-claim action on Receipts as a pane action
    cleaned up session pid 252053 (pgid ?); free: 5934 MB
--- #247: resolved in 449s
=== [14/50] #250 — Build PO mismatch resolution in the invoice row: View PO glyphs, breakdown, Purchase Orders column, Match manually, PO queue
    cleaned up session pid 260759 (pgid ?); free: 6262 MB
--- #250: resolved in 5530s
=== [15/50] #251 — Build the Payments destination: Bill Pay and Payment Batches on the queue shell, with payer accounts, terms, discounts and payment records
    cleaned up session pid 373586 (pgid ?); free: 6015 MB
--- #251: resolved in 4985s
=== [16/50] #248 — Decide Finance's shape once Bill Pay exists: push as a queue bulk action, Finance as the connection and ledger link
    cleaned up session pid 478529 (pgid ?); free: 6018 MB
--- #248: resolved in 694s
=== [17/50] #252 — placeholder
